Archive member included because of file (symbol)

C:/Users/edi_b/workspace/Library_MovementDetection/Debug\libLibrary_MovementDetection.a(bios_systick.o)
                              ./Sources/hal.o (BIOS_ConfigureSysTick(char, char, int))
C:/Users/edi_b/workspace/Library_MovementDetection/Debug\libLibrary_MovementDetection.a(bios_gpio.o)
                              ./Sources/hal.o (BIOS_clean_portA_isr())
C:/Freescale/CW MCU v10.6/MCU/ARM_GCC_Support/ewl/lib/armv6-m\libc.a(exit.o)
                              ./Project_Settings/Startup_Code/__arm_start.o (exit)
C:/Freescale/CW MCU v10.6/MCU/ARM_GCC_Support/ewl/lib/armv6-m\libc.a(memset.o)
                              ./Project_Settings/Startup_Code/__arm_start.o (memset)
C:/Freescale/CW MCU v10.6/MCU/ARM_GCC_Support/ewl/lib/armv6-m\libc.a(__filll_mem.o)
                              C:/Freescale/CW MCU v10.6/MCU/ARM_GCC_Support/ewl/lib/armv6-m\libc.a(memset.o) (__fill_mem)
c:/freescale/cw mcu v10.6/cross_tools/arm-none-eabi-gcc-4_7_3/bin/../lib/gcc/arm-none-eabi/4.7.3/armv6-m\libgcc.a(unwind-arm.o)
                              ./Project_Settings/Startup_Code/__arm_start.o (__aeabi_unwind_cpp_pr0)
c:/freescale/cw mcu v10.6/cross_tools/arm-none-eabi-gcc-4_7_3/bin/../lib/gcc/arm-none-eabi/4.7.3/armv6-m\libgcc.a(libunwind.o)
                              c:/freescale/cw mcu v10.6/cross_tools/arm-none-eabi-gcc-4_7_3/bin/../lib/gcc/arm-none-eabi/4.7.3/armv6-m\libgcc.a(unwind-arm.o) (restore_core_regs)
c:/freescale/cw mcu v10.6/cross_tools/arm-none-eabi-gcc-4_7_3/bin/../lib/gcc/arm-none-eabi/4.7.3/armv6-m\libgcc.a(pr-support.o)
                              c:/freescale/cw mcu v10.6/cross_tools/arm-none-eabi-gcc-4_7_3/bin/../lib/gcc/arm-none-eabi/4.7.3/armv6-m\libgcc.a(unwind-arm.o) (__gnu_unwind_execute)
C:/Freescale/CW MCU v10.6/MCU/ARM_GCC_Support/ewl/lib/armv6-m\librt.a(gcc_ctor_dtor.o)
                              ./Project_Settings/Startup_Code/__arm_start.o (__init_cpp)
C:/Freescale/CW MCU v10.6/MCU/ARM_GCC_Support/ewl/lib/armv6-m\librt.a(ROMCopy.o)
                              ./Project_Settings/Startup_Code/__arm_start.o (__copy_rom_sections_to_ram)
C:/Freescale/CW MCU v10.6/MCU/ARM_GCC_Support/ewl/lib/armv6-m\librt.a(__arm_eabi_init.o)
                              C:/Freescale/CW MCU v10.6/MCU/ARM_GCC_Support/ewl/lib/armv6-m\libc.a(exit.o) (__destroy_global_chain)
C:/Freescale/CW MCU v10.6/MCU/ARM_GCC_Support/ewl/lib/armv6-m\libc.a(abort.o)
                              c:/freescale/cw mcu v10.6/cross_tools/arm-none-eabi-gcc-4_7_3/bin/../lib/gcc/arm-none-eabi/4.7.3/armv6-m\libgcc.a(unwind-arm.o) (abort)
C:/Freescale/CW MCU v10.6/MCU/ARM_GCC_Support/ewl/lib/armv6-m\libc.a(memcpy.o)
                              c:/freescale/cw mcu v10.6/cross_tools/arm-none-eabi-gcc-4_7_3/bin/../lib/gcc/arm-none-eabi/4.7.3/armv6-m\libgcc.a(unwind-arm.o) (memcpy)
C:/Freescale/CW MCU v10.6/MCU/ARM_GCC_Support/ewl/lib/armv6-m\libc.a(raise.o)
                              C:/Freescale/CW MCU v10.6/MCU/ARM_GCC_Support/ewl/lib/armv6-m\libc.a(abort.o) (raise)
C:/Freescale/CW MCU v10.6/MCU/ARM_GCC_Support/ewl/lib/armv6-m\libc.a(signal.o)
                              C:/Freescale/CW MCU v10.6/MCU/ARM_GCC_Support/ewl/lib/armv6-m\libc.a(raise.o) (signal_funcs)
C:/Freescale/CW MCU v10.6/MCU/ARM_GCC_Support/ewl/lib/armv6-m\libc.a(errno.o)
                              C:/Freescale/CW MCU v10.6/MCU/ARM_GCC_Support/ewl/lib/armv6-m\libc.a(signal.o) (errno)

Allocating common symbols
Common symbol       size              file

signal_funcs        0x1c              C:/Freescale/CW MCU v10.6/MCU/ARM_GCC_Support/ewl/lib/armv6-m\libc.a(signal.o)
errno               0x4               C:/Freescale/CW MCU v10.6/MCU/ARM_GCC_Support/ewl/lib/armv6-m\libc.a(errno.o)

Discarded input sections

 .text          0x00000000        0x0 ./Project_Settings/Startup_Code/kinetis_sysinit.o
 .data          0x00000000        0x0 ./Project_Settings/Startup_Code/kinetis_sysinit.o
 .bss           0x00000000        0x0 ./Project_Settings/Startup_Code/kinetis_sysinit.o
 .ARM.extab.text.Default_Handler
                0x00000000        0x0 ./Project_Settings/Startup_Code/kinetis_sysinit.o
 .ARM.extab.text.__init_hardware
                0x00000000        0x0 ./Project_Settings/Startup_Code/kinetis_sysinit.o
 .text          0x00000000        0x0 ./Project_Settings/Startup_Code/__arm_start.o
 .data          0x00000000        0x0 ./Project_Settings/Startup_Code/__arm_start.o
 .bss           0x00000000        0x0 ./Project_Settings/Startup_Code/__arm_start.o
 .ARM.extab.text.zero_fill_bss
                0x00000000        0x0 ./Project_Settings/Startup_Code/__arm_start.o
 .text.__iar_program_start
                0x00000000        0x4 ./Project_Settings/Startup_Code/__arm_start.o
 .ARM.extab.text.__iar_program_start
                0x00000000        0x0 ./Project_Settings/Startup_Code/__arm_start.o
 .ARM.exidx.text.__iar_program_start
                0x00000000        0x8 ./Project_Settings/Startup_Code/__arm_start.o
 .ARM.extab.text.__thumb_startup
                0x00000000        0x0 ./Project_Settings/Startup_Code/__arm_start.o
 .text          0x00000000        0x0 ./Project_Settings/Startup_Code/__arm_end.o
 .data          0x00000000        0x0 ./Project_Settings/Startup_Code/__arm_end.o
 .bss           0x00000000        0x0 ./Project_Settings/Startup_Code/__arm_end.o
 .ARM.extab.text._ExitProcess
                0x00000000        0x0 ./Project_Settings/Startup_Code/__arm_end.o
 .text          0x00000000        0x0 ./Sources/sa_mtb.o
 .data          0x00000000        0x0 ./Sources/sa_mtb.o
 .bss           0x00000000        0x0 ./Sources/sa_mtb.o
 .debug_info    0x00000000       0x21 ./Sources/sa_mtb.o
 .debug_abbrev  0x00000000       0x12 ./Sources/sa_mtb.o
 .debug_aranges
                0x00000000       0x18 ./Sources/sa_mtb.o
 .debug_macinfo
                0x00000000     0x25d0 ./Sources/sa_mtb.o
 .debug_line    0x00000000      0x102 ./Sources/sa_mtb.o
 .debug_str     0x00000000       0xa1 ./Sources/sa_mtb.o
 .comment       0x00000000       0x7a ./Sources/sa_mtb.o
 .ARM.attributes
                0x00000000       0x31 ./Sources/sa_mtb.o
 .text          0x00000000        0x0 ./Sources/main.o
 .data          0x00000000        0x0 ./Sources/main.o
 .bss           0x00000000        0x0 ./Sources/main.o
 .ARM.extab.text._Z16PORTA_IRQHandlerv
                0x00000000        0x0 ./Sources/main.o
 .ARM.extab.text._Z16PORTD_IRQHandlerv
                0x00000000        0x0 ./Sources/main.o
 .ARM.extab.text._Z15SysTick_Handlerv
                0x00000000        0x0 ./Sources/main.o
 .ARM.extab.text.main
                0x00000000        0x0 ./Sources/main.o
 .ARM.extab.text._Z12APP_SM_ALARMv
                0x00000000        0x0 ./Sources/main.o
 .text          0x00000000        0x0 ./Sources/hal.o
 .data          0x00000000        0x0 ./Sources/hal.o
 .bss           0x00000000        0x0 ./Sources/hal.o
 .ARM.extab.text._Z19HAL_clean_portA_isrv
                0x00000000        0x0 ./Sources/hal.o
 .ARM.extab.text._Z19HAL_clean_portD_isrv
                0x00000000        0x0 ./Sources/hal.o
 .ARM.extab.text._Z23HAL_Init_Drivers_Configv
                0x00000000        0x0 ./Sources/hal.o
 .ARM.extab.text._Z18HAL_Set_Buzzer_OFFv
                0x00000000        0x0 ./Sources/hal.o
 .ARM.extab.text._Z17HAL_Toggle_Buzzerv
                0x00000000        0x0 ./Sources/hal.o
 .text._Z14HAL_Set_Outputccc
                0x00000000       0x30 ./Sources/hal.o
 .ARM.extab.text._Z14HAL_Set_Outputccc
                0x00000000        0xc ./Sources/hal.o
 .ARM.exidx.text._Z14HAL_Set_Outputccc
                0x00000000        0x8 ./Sources/hal.o
 .text          0x00000000        0x0 C:/Users/edi_b/workspace/Library_MovementDetection/Debug\libLibrary_MovementDetection.a(bios_systick.o)
 .data          0x00000000        0x0 C:/Users/edi_b/workspace/Library_MovementDetection/Debug\libLibrary_MovementDetection.a(bios_systick.o)
 .bss           0x00000000        0x0 C:/Users/edi_b/workspace/Library_MovementDetection/Debug\libLibrary_MovementDetection.a(bios_systick.o)
 .ARM.extab.text._Z21BIOS_ConfigureSysTickcci
                0x00000000        0x0 C:/Users/edi_b/workspace/Library_MovementDetection/Debug\libLibrary_MovementDetection.a(bios_systick.o)
 .text          0x00000000        0x0 C:/Users/edi_b/workspace/Library_MovementDetection/Debug\libLibrary_MovementDetection.a(bios_gpio.o)
 .data          0x00000000        0x0 C:/Users/edi_b/workspace/Library_MovementDetection/Debug\libLibrary_MovementDetection.a(bios_gpio.o)
 .bss           0x00000000        0x0 C:/Users/edi_b/workspace/Library_MovementDetection/Debug\libLibrary_MovementDetection.a(bios_gpio.o)
 .ARM.extab.text._Z20BIOS_clean_portA_isrv
                0x00000000        0x0 C:/Users/edi_b/workspace/Library_MovementDetection/Debug\libLibrary_MovementDetection.a(bios_gpio.o)
 .ARM.extab.text._Z20BIOS_clean_portD_isrv
                0x00000000        0x0 C:/Users/edi_b/workspace/Library_MovementDetection/Debug\libLibrary_MovementDetection.a(bios_gpio.o)
 .ARM.extab.text._Z15BIOS_Set_Togglecc
                0x00000000        0x0 C:/Users/edi_b/workspace/Library_MovementDetection/Debug\libLibrary_MovementDetection.a(bios_gpio.o)
 .ARM.extab.text._Z17BIOS_ConfigurePincccccc
                0x00000000        0x0 C:/Users/edi_b/workspace/Library_MovementDetection/Debug\libLibrary_MovementDetection.a(bios_gpio.o)
 .ARM.extab.text._Z15BIOS_Set_Outputccc
                0x00000000        0x0 C:/Users/edi_b/workspace/Library_MovementDetection/Debug\libLibrary_MovementDetection.a(bios_gpio.o)
 .ARM.extab.text._Z20BIOS_Read_Gpio_Inputcc
                0x00000000        0x0 C:/Users/edi_b/workspace/Library_MovementDetection/Debug\libLibrary_MovementDetection.a(bios_gpio.o)
 .text          0x00000000        0x0 C:/Freescale/CW MCU v10.6/MCU/ARM_GCC_Support/ewl/lib/armv6-m\libc.a(exit.o)
 .data          0x00000000        0x0 C:/Freescale/CW MCU v10.6/MCU/ARM_GCC_Support/ewl/lib/armv6-m\libc.a(exit.o)
 .bss           0x00000000        0x0 C:/Freescale/CW MCU v10.6/MCU/ARM_GCC_Support/ewl/lib/armv6-m\libc.a(exit.o)
 .text          0x00000000        0x0 C:/Freescale/CW MCU v10.6/MCU/ARM_GCC_Support/ewl/lib/armv6-m\libc.a(memset.o)
 .data          0x00000000        0x0 C:/Freescale/CW MCU v10.6/MCU/ARM_GCC_Support/ewl/lib/armv6-m\libc.a(memset.o)
 .bss           0x00000000        0x0 C:/Freescale/CW MCU v10.6/MCU/ARM_GCC_Support/ewl/lib/armv6-m\libc.a(memset.o)
 .text          0x00000000        0x0 C:/Freescale/CW MCU v10.6/MCU/ARM_GCC_Support/ewl/lib/armv6-m\libc.a(__filll_mem.o)
 .data          0x00000000        0x0 C:/Freescale/CW MCU v10.6/MCU/ARM_GCC_Support/ewl/lib/armv6-m\libc.a(__filll_mem.o)
 .bss           0x00000000        0x0 C:/Freescale/CW MCU v10.6/MCU/ARM_GCC_Support/ewl/lib/armv6-m\libc.a(__filll_mem.o)
 .data          0x00000000        0x0 c:/freescale/cw mcu v10.6/cross_tools/arm-none-eabi-gcc-4_7_3/bin/../lib/gcc/arm-none-eabi/4.7.3/armv6-m\libgcc.a(unwind-arm.o)
 .bss           0x00000000        0x0 c:/freescale/cw mcu v10.6/cross_tools/arm-none-eabi-gcc-4_7_3/bin/../lib/gcc/arm-none-eabi/4.7.3/armv6-m\libgcc.a(unwind-arm.o)
 .ARM.attributes
                0x00000000       0x2c c:/freescale/cw mcu v10.6/cross_tools/arm-none-eabi-gcc-4_7_3/bin/../lib/gcc/arm-none-eabi/4.7.3/armv6-m\libgcc.a(unwind-arm.o)
 .debug_frame   0x00000000      0x2e4 c:/freescale/cw mcu v10.6/cross_tools/arm-none-eabi-gcc-4_7_3/bin/../lib/gcc/arm-none-eabi/4.7.3/armv6-m\libgcc.a(unwind-arm.o)
 .data          0x00000000        0x0 c:/freescale/cw mcu v10.6/cross_tools/arm-none-eabi-gcc-4_7_3/bin/../lib/gcc/arm-none-eabi/4.7.3/armv6-m\libgcc.a(libunwind.o)
 .bss           0x00000000        0x0 c:/freescale/cw mcu v10.6/cross_tools/arm-none-eabi-gcc-4_7_3/bin/../lib/gcc/arm-none-eabi/4.7.3/armv6-m\libgcc.a(libunwind.o)
 .ARM.attributes
                0x00000000       0x1e c:/freescale/cw mcu v10.6/cross_tools/arm-none-eabi-gcc-4_7_3/bin/../lib/gcc/arm-none-eabi/4.7.3/armv6-m\libgcc.a(libunwind.o)
 .data          0x00000000        0x0 c:/freescale/cw mcu v10.6/cross_tools/arm-none-eabi-gcc-4_7_3/bin/../lib/gcc/arm-none-eabi/4.7.3/armv6-m\libgcc.a(pr-support.o)
 .bss           0x00000000        0x0 c:/freescale/cw mcu v10.6/cross_tools/arm-none-eabi-gcc-4_7_3/bin/../lib/gcc/arm-none-eabi/4.7.3/armv6-m\libgcc.a(pr-support.o)
 .ARM.attributes
                0x00000000       0x2c c:/freescale/cw mcu v10.6/cross_tools/arm-none-eabi-gcc-4_7_3/bin/../lib/gcc/arm-none-eabi/4.7.3/armv6-m\libgcc.a(pr-support.o)
 .debug_frame   0x00000000      0x100 c:/freescale/cw mcu v10.6/cross_tools/arm-none-eabi-gcc-4_7_3/bin/../lib/gcc/arm-none-eabi/4.7.3/armv6-m\libgcc.a(pr-support.o)
 .text          0x00000000        0x0 C:/Freescale/CW MCU v10.6/MCU/ARM_GCC_Support/ewl/lib/armv6-m\librt.a(gcc_ctor_dtor.o)
 .data          0x00000000        0x0 C:/Freescale/CW MCU v10.6/MCU/ARM_GCC_Support/ewl/lib/armv6-m\librt.a(gcc_ctor_dtor.o)
 .bss           0x00000000        0x0 C:/Freescale/CW MCU v10.6/MCU/ARM_GCC_Support/ewl/lib/armv6-m\librt.a(gcc_ctor_dtor.o)
 .bss.__dso_handle
                0x00000000        0x4 C:/Freescale/CW MCU v10.6/MCU/ARM_GCC_Support/ewl/lib/armv6-m\librt.a(gcc_ctor_dtor.o)
 .text          0x00000000        0x0 C:/Freescale/CW MCU v10.6/MCU/ARM_GCC_Support/ewl/lib/armv6-m\librt.a(ROMCopy.o)
 .data          0x00000000        0x0 C:/Freescale/CW MCU v10.6/MCU/ARM_GCC_Support/ewl/lib/armv6-m\librt.a(ROMCopy.o)
 .bss           0x00000000        0x0 C:/Freescale/CW MCU v10.6/MCU/ARM_GCC_Support/ewl/lib/armv6-m\librt.a(ROMCopy.o)
 .text.__flush_cache
                0x00000000        0x2 C:/Freescale/CW MCU v10.6/MCU/ARM_GCC_Support/ewl/lib/armv6-m\librt.a(ROMCopy.o)
 .text          0x00000000        0x0 C:/Freescale/CW MCU v10.6/MCU/ARM_GCC_Support/ewl/lib/armv6-m\librt.a(__arm_eabi_init.o)
 .data          0x00000000        0x0 C:/Freescale/CW MCU v10.6/MCU/ARM_GCC_Support/ewl/lib/armv6-m\librt.a(__arm_eabi_init.o)
 .bss           0x00000000        0x0 C:/Freescale/CW MCU v10.6/MCU/ARM_GCC_Support/ewl/lib/armv6-m\librt.a(__arm_eabi_init.o)
 .text.__register_global_object
                0x00000000       0x14 C:/Freescale/CW MCU v10.6/MCU/ARM_GCC_Support/ewl/lib/armv6-m\librt.a(__arm_eabi_init.o)
 .text.__cxa_atexit
                0x00000000       0x38 C:/Freescale/CW MCU v10.6/MCU/ARM_GCC_Support/ewl/lib/armv6-m\librt.a(__arm_eabi_init.o)
 .text.__aeabi_atexit
                0x00000000        0xe C:/Freescale/CW MCU v10.6/MCU/ARM_GCC_Support/ewl/lib/armv6-m\librt.a(__arm_eabi_init.o)
 .text.__register_atexit
                0x00000000        0xc C:/Freescale/CW MCU v10.6/MCU/ARM_GCC_Support/ewl/lib/armv6-m\librt.a(__arm_eabi_init.o)
 .text.__init_hardware
                0x00000000        0x4 C:/Freescale/CW MCU v10.6/MCU/ARM_GCC_Support/ewl/lib/armv6-m\librt.a(__arm_eabi_init.o)
 .bss.atexit_curr_func
                0x00000000        0x4 C:/Freescale/CW MCU v10.6/MCU/ARM_GCC_Support/ewl/lib/armv6-m\librt.a(__arm_eabi_init.o)
 .bss.atexit_funcs
                0x00000000      0x300 C:/Freescale/CW MCU v10.6/MCU/ARM_GCC_Support/ewl/lib/armv6-m\librt.a(__arm_eabi_init.o)
 .text          0x00000000        0x0 C:/Freescale/CW MCU v10.6/MCU/ARM_GCC_Support/ewl/lib/armv6-m\libc.a(abort.o)
 .data          0x00000000        0x0 C:/Freescale/CW MCU v10.6/MCU/ARM_GCC_Support/ewl/lib/armv6-m\libc.a(abort.o)
 .bss           0x00000000        0x0 C:/Freescale/CW MCU v10.6/MCU/ARM_GCC_Support/ewl/lib/armv6-m\libc.a(abort.o)
 .debug_info    0x00000000       0xb2 C:/Freescale/CW MCU v10.6/MCU/ARM_GCC_Support/ewl/lib/armv6-m\libc.a(abort.o)
 .debug_abbrev  0x00000000       0x5c C:/Freescale/CW MCU v10.6/MCU/ARM_GCC_Support/ewl/lib/armv6-m\libc.a(abort.o)
 .debug_loc     0x00000000       0x20 C:/Freescale/CW MCU v10.6/MCU/ARM_GCC_Support/ewl/lib/armv6-m\libc.a(abort.o)
 .debug_aranges
                0x00000000       0x20 C:/Freescale/CW MCU v10.6/MCU/ARM_GCC_Support/ewl/lib/armv6-m\libc.a(abort.o)
 .debug_line    0x00000000       0x74 C:/Freescale/CW MCU v10.6/MCU/ARM_GCC_Support/ewl/lib/armv6-m\libc.a(abort.o)
 .debug_str     0x00000000      0x13f C:/Freescale/CW MCU v10.6/MCU/ARM_GCC_Support/ewl/lib/armv6-m\libc.a(abort.o)
 .comment       0x00000000       0x7a C:/Freescale/CW MCU v10.6/MCU/ARM_GCC_Support/ewl/lib/armv6-m\libc.a(abort.o)
 .ARM.attributes
                0x00000000       0x31 C:/Freescale/CW MCU v10.6/MCU/ARM_GCC_Support/ewl/lib/armv6-m\libc.a(abort.o)
 .debug_frame   0x00000000       0x28 C:/Freescale/CW MCU v10.6/MCU/ARM_GCC_Support/ewl/lib/armv6-m\libc.a(abort.o)
 .text          0x00000000        0x0 C:/Freescale/CW MCU v10.6/MCU/ARM_GCC_Support/ewl/lib/armv6-m\libc.a(memcpy.o)
 .data          0x00000000        0x0 C:/Freescale/CW MCU v10.6/MCU/ARM_GCC_Support/ewl/lib/armv6-m\libc.a(memcpy.o)
 .bss           0x00000000        0x0 C:/Freescale/CW MCU v10.6/MCU/ARM_GCC_Support/ewl/lib/armv6-m\libc.a(memcpy.o)
 .debug_info    0x00000000      0x10f C:/Freescale/CW MCU v10.6/MCU/ARM_GCC_Support/ewl/lib/armv6-m\libc.a(memcpy.o)
 .debug_abbrev  0x00000000       0x95 C:/Freescale/CW MCU v10.6/MCU/ARM_GCC_Support/ewl/lib/armv6-m\libc.a(memcpy.o)
 .debug_loc     0x00000000       0x59 C:/Freescale/CW MCU v10.6/MCU/ARM_GCC_Support/ewl/lib/armv6-m\libc.a(memcpy.o)
 .debug_aranges
                0x00000000       0x20 C:/Freescale/CW MCU v10.6/MCU/ARM_GCC_Support/ewl/lib/armv6-m\libc.a(memcpy.o)
 .debug_line    0x00000000       0x8b C:/Freescale/CW MCU v10.6/MCU/ARM_GCC_Support/ewl/lib/armv6-m\libc.a(memcpy.o)
 .debug_str     0x00000000      0x138 C:/Freescale/CW MCU v10.6/MCU/ARM_GCC_Support/ewl/lib/armv6-m\libc.a(memcpy.o)
 .comment       0x00000000       0x7a C:/Freescale/CW MCU v10.6/MCU/ARM_GCC_Support/ewl/lib/armv6-m\libc.a(memcpy.o)
 .ARM.attributes
                0x00000000       0x31 C:/Freescale/CW MCU v10.6/MCU/ARM_GCC_Support/ewl/lib/armv6-m\libc.a(memcpy.o)
 .debug_frame   0x00000000       0x28 C:/Freescale/CW MCU v10.6/MCU/ARM_GCC_Support/ewl/lib/armv6-m\libc.a(memcpy.o)
 .text          0x00000000        0x0 C:/Freescale/CW MCU v10.6/MCU/ARM_GCC_Support/ewl/lib/armv6-m\libc.a(raise.o)
 .data          0x00000000        0x0 C:/Freescale/CW MCU v10.6/MCU/ARM_GCC_Support/ewl/lib/armv6-m\libc.a(raise.o)
 .bss           0x00000000        0x0 C:/Freescale/CW MCU v10.6/MCU/ARM_GCC_Support/ewl/lib/armv6-m\libc.a(raise.o)
 .debug_info    0x00000000      0x108 C:/Freescale/CW MCU v10.6/MCU/ARM_GCC_Support/ewl/lib/armv6-m\libc.a(raise.o)
 .debug_abbrev  0x00000000       0xa6 C:/Freescale/CW MCU v10.6/MCU/ARM_GCC_Support/ewl/lib/armv6-m\libc.a(raise.o)
 .debug_loc     0x00000000       0x7d C:/Freescale/CW MCU v10.6/MCU/ARM_GCC_Support/ewl/lib/armv6-m\libc.a(raise.o)
 .debug_aranges
                0x00000000       0x20 C:/Freescale/CW MCU v10.6/MCU/ARM_GCC_Support/ewl/lib/armv6-m\libc.a(raise.o)
 .debug_line    0x00000000       0x8a C:/Freescale/CW MCU v10.6/MCU/ARM_GCC_Support/ewl/lib/armv6-m\libc.a(raise.o)
 .debug_str     0x00000000      0x161 C:/Freescale/CW MCU v10.6/MCU/ARM_GCC_Support/ewl/lib/armv6-m\libc.a(raise.o)
 .comment       0x00000000       0x7a C:/Freescale/CW MCU v10.6/MCU/ARM_GCC_Support/ewl/lib/armv6-m\libc.a(raise.o)
 .ARM.attributes
                0x00000000       0x31 C:/Freescale/CW MCU v10.6/MCU/ARM_GCC_Support/ewl/lib/armv6-m\libc.a(raise.o)
 .debug_frame   0x00000000       0x28 C:/Freescale/CW MCU v10.6/MCU/ARM_GCC_Support/ewl/lib/armv6-m\libc.a(raise.o)
 .text          0x00000000        0x0 C:/Freescale/CW MCU v10.6/MCU/ARM_GCC_Support/ewl/lib/armv6-m\libc.a(signal.o)
 .data          0x00000000        0x0 C:/Freescale/CW MCU v10.6/MCU/ARM_GCC_Support/ewl/lib/armv6-m\libc.a(signal.o)
 .bss           0x00000000        0x0 C:/Freescale/CW MCU v10.6/MCU/ARM_GCC_Support/ewl/lib/armv6-m\libc.a(signal.o)
 .text.signal   0x00000000       0x28 C:/Freescale/CW MCU v10.6/MCU/ARM_GCC_Support/ewl/lib/armv6-m\libc.a(signal.o)
 .debug_info    0x00000000      0x129 C:/Freescale/CW MCU v10.6/MCU/ARM_GCC_Support/ewl/lib/armv6-m\libc.a(signal.o)
 .debug_abbrev  0x00000000       0xc6 C:/Freescale/CW MCU v10.6/MCU/ARM_GCC_Support/ewl/lib/armv6-m\libc.a(signal.o)
 .debug_loc     0x00000000       0x6f C:/Freescale/CW MCU v10.6/MCU/ARM_GCC_Support/ewl/lib/armv6-m\libc.a(signal.o)
 .debug_aranges
                0x00000000       0x20 C:/Freescale/CW MCU v10.6/MCU/ARM_GCC_Support/ewl/lib/armv6-m\libc.a(signal.o)
 .debug_line    0x00000000       0x88 C:/Freescale/CW MCU v10.6/MCU/ARM_GCC_Support/ewl/lib/armv6-m\libc.a(signal.o)
 .debug_str     0x00000000      0x179 C:/Freescale/CW MCU v10.6/MCU/ARM_GCC_Support/ewl/lib/armv6-m\libc.a(signal.o)
 .comment       0x00000000       0x7a C:/Freescale/CW MCU v10.6/MCU/ARM_GCC_Support/ewl/lib/armv6-m\libc.a(signal.o)
 .ARM.attributes
                0x00000000       0x31 C:/Freescale/CW MCU v10.6/MCU/ARM_GCC_Support/ewl/lib/armv6-m\libc.a(signal.o)
 .debug_frame   0x00000000       0x28 C:/Freescale/CW MCU v10.6/MCU/ARM_GCC_Support/ewl/lib/armv6-m\libc.a(signal.o)
 .text          0x00000000        0x0 C:/Freescale/CW MCU v10.6/MCU/ARM_GCC_Support/ewl/lib/armv6-m\libc.a(errno.o)
 .data          0x00000000        0x0 C:/Freescale/CW MCU v10.6/MCU/ARM_GCC_Support/ewl/lib/armv6-m\libc.a(errno.o)
 .bss           0x00000000        0x0 C:/Freescale/CW MCU v10.6/MCU/ARM_GCC_Support/ewl/lib/armv6-m\libc.a(errno.o)
 .debug_info    0x00000000       0x9d C:/Freescale/CW MCU v10.6/MCU/ARM_GCC_Support/ewl/lib/armv6-m\libc.a(errno.o)
 .debug_abbrev  0x00000000       0x44 C:/Freescale/CW MCU v10.6/MCU/ARM_GCC_Support/ewl/lib/armv6-m\libc.a(errno.o)
 .debug_aranges
                0x00000000       0x18 C:/Freescale/CW MCU v10.6/MCU/ARM_GCC_Support/ewl/lib/armv6-m\libc.a(errno.o)
 .debug_line    0x00000000       0x4d C:/Freescale/CW MCU v10.6/MCU/ARM_GCC_Support/ewl/lib/armv6-m\libc.a(errno.o)
 .debug_str     0x00000000      0x12c C:/Freescale/CW MCU v10.6/MCU/ARM_GCC_Support/ewl/lib/armv6-m\libc.a(errno.o)
 .comment       0x00000000       0x7a C:/Freescale/CW MCU v10.6/MCU/ARM_GCC_Support/ewl/lib/armv6-m\libc.a(errno.o)
 .ARM.attributes
                0x00000000       0x31 C:/Freescale/CW MCU v10.6/MCU/ARM_GCC_Support/ewl/lib/armv6-m\libc.a(errno.o)
 COMMON         0x00000000        0x4 C:/Freescale/CW MCU v10.6/MCU/ARM_GCC_Support/ewl/lib/armv6-m\libc.a(errno.o)

Memory Configuration

Name             Origin             Length             Attributes
m_interrupts     0x00000000         0x000000c0         xr
m_cfmprotrom     0x00000400         0x00000010         xr
m_text           0x00000800         0x0001f800         xr
m_data           0x1ffff000         0x00004000         xrw
*default*        0x00000000         0xffffffff

Linker script and memory map

LOAD ./Project_Settings/Startup_Code/kinetis_sysinit.o
LOAD ./Project_Settings/Startup_Code/__arm_start.o
LOAD ./Project_Settings/Startup_Code/__arm_end.o
LOAD ./Sources/sa_mtb.o
LOAD ./Sources/main.o
LOAD ./Sources/hal.o
LOAD C:/Users/edi_b/workspace/Library_MovementDetection/Debug\libLibrary_MovementDetection.a
LOAD C:/Freescale/CW MCU v10.6/MCU/ARM_GCC_Support/ewl/lib/armv6-m\libstdc++.a
LOAD C:/Freescale/CW MCU v10.6/MCU/ARM_GCC_Support/ewl/lib/armv6-m\libm.a
START GROUP
LOAD C:/Freescale/CW MCU v10.6/MCU/ARM_GCC_Support/ewl/lib/armv6-m\libc.a
LOAD C:/Freescale/CW MCU v10.6/MCU/ARM_GCC_Support/ewl/lib/armv6-m\libc++.a
LOAD C:/Freescale/CW MCU v10.6/MCU/ARM_GCC_Support/ewl/lib/armv6-m\libm.a
LOAD c:/freescale/cw mcu v10.6/cross_tools/arm-none-eabi-gcc-4_7_3/bin/../lib/gcc/arm-none-eabi/4.7.3/armv6-m\libgcc.a
LOAD C:/Freescale/CW MCU v10.6/MCU/ARM_GCC_Support/ewl/lib/armv6-m\librt.a
LOAD c:/freescale/cw mcu v10.6/cross_tools/arm-none-eabi-gcc-4_7_3/bin/../lib/gcc/arm-none-eabi/4.7.3/../../../../arm-none-eabi/lib/armv6-m\libsupc++.a
END GROUP
                0x20003000                _estack = 0x20003000
                0x20003000                __SP_INIT = _estack
                0x00000400                __heap_size = 0x400
                0x00000400                __stack_size = 0x400

.interrupts     0x00000000       0xc0
                0x00000000                __vector_table = .
                0x00000000                . = ALIGN (0x4)
 *(.vectortable)
 .vectortable   0x00000000       0xc0 ./Project_Settings/Startup_Code/kinetis_sysinit.o
                0x000000c0                . = ALIGN (0x4)

.cfmprotect     0x00000400        0x0
                0x00000400                . = ALIGN (0x4)
 *(.cfmconfig)
                0x00000400                . = ALIGN (0x4)

.text           0x00000800     0x1e40
                0x00000800                . = ALIGN (0x4)
 *(.text)
 .text          0x00000800      0xbfc c:/freescale/cw mcu v10.6/cross_tools/arm-none-eabi-gcc-4_7_3/bin/../lib/gcc/arm-none-eabi/4.7.3/armv6-m\libgcc.a(unwind-arm.o)
                0x00000ae0                _Unwind_GetCFA
                0x00000ae4                __gnu_Unwind_RaiseException
                0x00000b3c                __gnu_Unwind_ForcedUnwind
                0x00000b50                __gnu_Unwind_Resume
                0x00000b98                __gnu_Unwind_Resume_or_Rethrow
                0x00000bb4                _Unwind_Complete
                0x00000bb8                _Unwind_DeleteException
                0x00000bc8                _Unwind_VRS_Get
                0x00000c10                _Unwind_VRS_Set
                0x00000fec                __aeabi_unwind_cpp_pr2
                0x00000ff8                __aeabi_unwind_cpp_pr1
                0x00001004                __aeabi_unwind_cpp_pr0
                0x00001010                __gnu_Unwind_Backtrace
                0x00001078                _Unwind_VRS_Pop
 .text          0x000013fc      0x144 c:/freescale/cw mcu v10.6/cross_tools/arm-none-eabi-gcc-4_7_3/bin/../lib/gcc/arm-none-eabi/4.7.3/armv6-m\libgcc.a(libunwind.o)
                0x000013fc                __restore_core_regs
                0x000013fc                restore_core_regs
                0x00001428                __gnu_Unwind_Restore_VFP
                0x0000142c                __gnu_Unwind_Save_VFP
                0x00001430                __gnu_Unwind_Restore_VFP_D
                0x00001434                __gnu_Unwind_Save_VFP_D
                0x00001438                __gnu_Unwind_Restore_VFP_D_16_to_31
                0x0000143c                __gnu_Unwind_Save_VFP_D_16_to_31
                0x00001440                __gnu_Unwind_Restore_WMMXD
                0x00001444                __gnu_Unwind_Save_WMMXD
                0x00001448                __gnu_Unwind_Restore_WMMXC
                0x0000144c                __gnu_Unwind_Save_WMMXC
                0x00001450                ___Unwind_RaiseException
                0x00001450                _Unwind_RaiseException
                0x00001480                _Unwind_Resume
                0x00001480                ___Unwind_Resume
                0x000014b0                _Unwind_Resume_or_Rethrow
                0x000014b0                ___Unwind_Resume_or_Rethrow
                0x000014e0                _Unwind_ForcedUnwind
                0x000014e0                ___Unwind_ForcedUnwind
                0x00001510                ___Unwind_Backtrace
                0x00001510                _Unwind_Backtrace
 .text          0x00001540      0x3c4 c:/freescale/cw mcu v10.6/cross_tools/arm-none-eabi-gcc-4_7_3/bin/../lib/gcc/arm-none-eabi/4.7.3/armv6-m\libgcc.a(pr-support.o)
                0x00001594                __gnu_unwind_execute
                0x000018ac                __gnu_unwind_frame
                0x000018d4                _Unwind_GetRegionStart
                0x000018e0                _Unwind_GetLanguageSpecificData
                0x000018f4                _Unwind_GetDataRelBase
                0x000018fc                _Unwind_GetTextRelBase
 *(.text*)
 .text.Default_Handler
                0x00001904        0xc ./Project_Settings/Startup_Code/kinetis_sysinit.o
                0x00001904                FTM2_IRQHandler()
                0x00001904                PMC_IRQHandler()
                0x00001904                HardFault_Handler()
                0x00001904                PendSV_Handler()
                0x00001904                ADC0_IRQHandler()
                0x00001904                TSI0_IRQHandler()
                0x00001904                FTM1_IRQHandler()
                0x00001904                SPI1_IRQHandler()
                0x00001904                MCM_IRQHandler()
                0x00001904                DMA1_IRQHandler()
                0x00001904                UART0_IRQHandler()
                0x00001904                FTFL_IRQHandler()
                0x00001904                NMI_Handler()
                0x00001904                SPI0_IRQHandler()
                0x00001904                RTC_Alarm_IRQHandler()
                0x00001904                FTM0_IRQHandler()
                0x00001904                UART2_IRQHandler()
                0x00001904                USBOTG_IRQHandler()
                0x00001904                SVC_Handler()
                0x00001904                DAC0_IRQHandler()
                0x00001904                Default_Handler
                0x00001904                DMA2_IRQHandler()
                0x00001904                PIT_IRQHandler()
                0x00001904                MCG_IRQHandler()
                0x00001904                UART1_IRQHandler()
                0x00001904                I2C0_IRQHandler()
                0x00001904                I2C1_IRQHandler()
                0x00001904                LPTimer_IRQHandler()
                0x00001904                LLW_IRQHandler()
                0x00001904                DMA3_IRQHandler()
                0x00001904                RTC_Seconds_IRQHandler()
                0x00001904                CMP0_IRQHandler()
                0x00001904                DMA0_IRQHandler()
 .text.__init_hardware
                0x00001910       0x2c ./Project_Settings/Startup_Code/kinetis_sysinit.o
                0x00001910                __init_hardware
 .text.zero_fill_bss
                0x0000193c       0x24 ./Project_Settings/Startup_Code/__arm_start.o
 .text.__thumb_startup
                0x00001960       0x30 ./Project_Settings/Startup_Code/__arm_start.o
                0x00001960                __thumb_startup
 .text._ExitProcess
                0x00001990        0xc ./Project_Settings/Startup_Code/__arm_end.o
                0x00001990                _ExitProcess
 .text._Z16PORTA_IRQHandlerv
                0x0000199c       0x2c ./Sources/main.o
                0x0000199c                PORTA_IRQHandler()
 .text._Z16PORTD_IRQHandlerv
                0x000019c8        0xc ./Sources/main.o
                0x000019c8                PORTD_IRQHandler()
 .text._Z15SysTick_Handlerv
                0x000019d4       0x18 ./Sources/main.o
                0x000019d4                SysTick_Handler()
 .text.main     0x000019ec       0x30 ./Sources/main.o
                0x000019ec                main
 .text._Z12APP_SM_ALARMv
                0x00001a1c       0x80 ./Sources/main.o
                0x00001a1c                APP_SM_ALARM()
 .text._Z19HAL_clean_portA_isrv
                0x00001a9c        0xc ./Sources/hal.o
                0x00001a9c                HAL_clean_portA_isr()
 .text._Z19HAL_clean_portD_isrv
                0x00001aa8        0xc ./Sources/hal.o
                0x00001aa8                HAL_clean_portD_isr()
 .text._Z23HAL_Init_Drivers_Configv
                0x00001ab4       0x6c ./Sources/hal.o
                0x00001ab4                HAL_Init_Drivers_Config()
 .text._Z16HAL_Set_AC_Lightc
                0x00001b20       0x20 ./Sources/hal.o
                0x00001b20                HAL_Set_AC_Light(char)
 .text._Z18HAL_Set_Buzzer_OFFv
                0x00001b40       0x14 ./Sources/hal.o
                0x00001b40                HAL_Set_Buzzer_OFF()
 .text._Z17HAL_Toggle_Buzzerv
                0x00001b54       0x10 ./Sources/hal.o
                0x00001b54                HAL_Toggle_Buzzer()
 .text._Z21HAL_Read_Alarm_Switchv
                0x00001b64       0x24 ./Sources/hal.o
                0x00001b64                HAL_Read_Alarm_Switch()
 .text._Z14HAL_Set_Togglecc
                0x00001b88       0x28 ./Sources/hal.o
                0x00001b88                HAL_Set_Toggle(char, char)
 .text._Z19HAL_Read_Gpio_Inputcc
                0x00001bb0       0x2c ./Sources/hal.o
                0x00001bb0                HAL_Read_Gpio_Input(char, char)
 .text._Z21BIOS_ConfigureSysTickcci
                0x00001bdc       0x44 C:/Users/edi_b/workspace/Library_MovementDetection/Debug\libLibrary_MovementDetection.a(bios_systick.o)
                0x00001bdc                BIOS_ConfigureSysTick(char, char, int)
 .text._Z20BIOS_clean_portA_isrv
                0x00001c20       0x18 C:/Users/edi_b/workspace/Library_MovementDetection/Debug\libLibrary_MovementDetection.a(bios_gpio.o)
                0x00001c20                BIOS_clean_portA_isr()
 .text._Z20BIOS_clean_portD_isrv
                0x00001c38       0x18 C:/Users/edi_b/workspace/Library_MovementDetection/Debug\libLibrary_MovementDetection.a(bios_gpio.o)
                0x00001c38                BIOS_clean_portD_isr()
 .text._Z15BIOS_Set_Togglecc
                0x00001c50       0xbc C:/Users/edi_b/workspace/Library_MovementDetection/Debug\libLibrary_MovementDetection.a(bios_gpio.o)
                0x00001c50                BIOS_Set_Toggle(char, char)
 .text._Z17BIOS_ConfigurePincccccc
                0x00001d0c      0x3e8 C:/Users/edi_b/workspace/Library_MovementDetection/Debug\libLibrary_MovementDetection.a(bios_gpio.o)
                0x00001d0c                BIOS_ConfigurePin(char, char, char, char, char, char)
 .text._Z15BIOS_Set_Outputccc
                0x000020f4      0x1a4 C:/Users/edi_b/workspace/Library_MovementDetection/Debug\libLibrary_MovementDetection.a(bios_gpio.o)
                0x000020f4                BIOS_Set_Output(char, char, char)
 .text._Z20BIOS_Read_Gpio_Inputcc
                0x00002298       0xcc C:/Users/edi_b/workspace/Library_MovementDetection/Debug\libLibrary_MovementDetection.a(bios_gpio.o)
                0x00002298                BIOS_Read_Gpio_Input(char, char)
 .text.exit     0x00002364       0x38 C:/Freescale/CW MCU v10.6/MCU/ARM_GCC_Support/ewl/lib/armv6-m\libc.a(exit.o)
                0x00002364                exit
 .text.memset   0x0000239c        0xc C:/Freescale/CW MCU v10.6/MCU/ARM_GCC_Support/ewl/lib/armv6-m\libc.a(memset.o)
                0x0000239c                memset
 .text.__fill_mem
                0x000023a8       0x7e C:/Freescale/CW MCU v10.6/MCU/ARM_GCC_Support/ewl/lib/armv6-m\libc.a(__filll_mem.o)
                0x000023a8                __fill_mem
 *fill*         0x00002426        0x2 00
 .text.__init_cpp
                0x00002428       0x48 C:/Freescale/CW MCU v10.6/MCU/ARM_GCC_Support/ewl/lib/armv6-m\librt.a(gcc_ctor_dtor.o)
                0x00002428                __init_cpp
 .text.__fini_cpp
                0x00002470       0x34 C:/Freescale/CW MCU v10.6/MCU/ARM_GCC_Support/ewl/lib/armv6-m\librt.a(gcc_ctor_dtor.o)
                0x00002470                __fini_cpp
 .text.__copy_rom_section
                0x000024a4       0x48 C:/Freescale/CW MCU v10.6/MCU/ARM_GCC_Support/ewl/lib/armv6-m\librt.a(ROMCopy.o)
                0x000024a4                __copy_rom_section
 .text.__copy_rom_sections_to_ram
                0x000024ec       0x34 C:/Freescale/CW MCU v10.6/MCU/ARM_GCC_Support/ewl/lib/armv6-m\librt.a(ROMCopy.o)
                0x000024ec                __copy_rom_sections_to_ram
 .text.__destroy_global_chain
                0x00002520       0x1c C:/Freescale/CW MCU v10.6/MCU/ARM_GCC_Support/ewl/lib/armv6-m\librt.a(__arm_eabi_init.o)
                0x00002520                __destroy_global_chain
 .text.__init_registers
                0x0000253c       0x1c C:/Freescale/CW MCU v10.6/MCU/ARM_GCC_Support/ewl/lib/armv6-m\librt.a(__arm_eabi_init.o)
                0x0000253c                __init_registers
 .text.__init_user
                0x00002558        0x4 C:/Freescale/CW MCU v10.6/MCU/ARM_GCC_Support/ewl/lib/armv6-m\librt.a(__arm_eabi_init.o)
                0x00002558                __init_user
 .text.abort    0x0000255c       0x24 C:/Freescale/CW MCU v10.6/MCU/ARM_GCC_Support/ewl/lib/armv6-m\libc.a(abort.o)
                0x0000255c                abort
 .text.memcpy   0x00002580       0x12 C:/Freescale/CW MCU v10.6/MCU/ARM_GCC_Support/ewl/lib/armv6-m\libc.a(memcpy.o)
                0x00002580                memcpy
 *fill*         0x00002592        0x2 00
 .text.raise    0x00002594       0x38 C:/Freescale/CW MCU v10.6/MCU/ARM_GCC_Support/ewl/lib/armv6-m\libc.a(raise.o)
                0x00002594                raise
 *(.rodata)
 .rodata        0x000025cc       0x14 c:/freescale/cw mcu v10.6/cross_tools/arm-none-eabi-gcc-4_7_3/bin/../lib/gcc/arm-none-eabi/4.7.3/armv6-m\libgcc.a(unwind-arm.o)
 *(.rodata*)
 .rodata._Z15BIOS_Set_Togglecc
                0x000025e0       0x18 C:/Users/edi_b/workspace/Library_MovementDetection/Debug\libLibrary_MovementDetection.a(bios_gpio.o)
 .rodata._Z17BIOS_ConfigurePincccccc
                0x000025f8       0x18 C:/Users/edi_b/workspace/Library_MovementDetection/Debug\libLibrary_MovementDetection.a(bios_gpio.o)
 .rodata._Z15BIOS_Set_Outputccc
                0x00002610       0x18 C:/Users/edi_b/workspace/Library_MovementDetection/Debug\libLibrary_MovementDetection.a(bios_gpio.o)
 .rodata._Z20BIOS_Read_Gpio_Inputcc
                0x00002628       0x18 C:/Users/edi_b/workspace/Library_MovementDetection/Debug\libLibrary_MovementDetection.a(bios_gpio.o)
 *(.glue_7)
 .glue_7        0x00000000        0x0 linker stubs
 *(.glue_7t)
 .glue_7t       0x00000000        0x0 linker stubs
 *(.eh_frame)
 *(.init)
 *(.fini)
                0x00002640                . = ALIGN (0x4)
                0x00002640                _etext = .

.vfp11_veneer   0x00002640        0x0
 .vfp11_veneer  0x00000000        0x0 linker stubs

.v4_bx          0x00002640        0x0
 .v4_bx         0x00000000        0x0 linker stubs

.iplt           0x00002640        0x0
 .iplt          0x00000000        0x0 ./Project_Settings/Startup_Code/kinetis_sysinit.o

.ARM.extab      0x00002640       0xcc
 *(.ARM.extab* .gnu.linkonce.armextab.*)
 .ARM.extab.text._Z16HAL_Set_AC_Lightc
                0x00002640        0xc ./Sources/hal.o
 .ARM.extab.text._Z21HAL_Read_Alarm_Switchv
                0x0000264c        0xc ./Sources/hal.o
 .ARM.extab.text._Z14HAL_Set_Togglecc
                0x00002658        0xc ./Sources/hal.o
 .ARM.extab.text._Z19HAL_Read_Gpio_Inputcc
                0x00002664        0xc ./Sources/hal.o
 .ARM.extab     0x00002670       0x6c c:/freescale/cw mcu v10.6/cross_tools/arm-none-eabi-gcc-4_7_3/bin/../lib/gcc/arm-none-eabi/4.7.3/armv6-m\libgcc.a(unwind-arm.o)
 .ARM.extab     0x000026dc       0x30 c:/freescale/cw mcu v10.6/cross_tools/arm-none-eabi-gcc-4_7_3/bin/../lib/gcc/arm-none-eabi/4.7.3/armv6-m\libgcc.a(pr-support.o)

.ARM            0x0000270c      0x138
                0x0000270c                __exidx_start = .
 *(.ARM.exidx*)
 .ARM.exidx.text.Default_Handler
                0x000027ec        0x0 ./Project_Settings/Startup_Code/kinetis_sysinit.o
                                  0x8 (size before relaxing)
 .ARM.exidx.text.__init_hardware
                0x000027ec        0x0 ./Project_Settings/Startup_Code/kinetis_sysinit.o
                                  0x8 (size before relaxing)
 .ARM.exidx.text.zero_fill_bss
                0x000027ec        0x0 ./Project_Settings/Startup_Code/__arm_start.o
                                  0x8 (size before relaxing)
 .ARM.exidx.text.__thumb_startup
                0x000027ec        0x8 ./Project_Settings/Startup_Code/__arm_start.o
 .ARM.exidx.text._ExitProcess
                0x000027f4        0x8 ./Project_Settings/Startup_Code/__arm_end.o
 .ARM.exidx.text._Z16PORTA_IRQHandlerv
                0x000027fc        0x8 ./Sources/main.o
 .ARM.exidx.text._Z16PORTD_IRQHandlerv
                0x00002804        0x0 ./Sources/main.o
                                  0x8 (size before relaxing)
 .ARM.exidx.text._Z15SysTick_Handlerv
                0x00002804        0x8 ./Sources/main.o
 .ARM.exidx.text.main
                0x0000280c        0x8 ./Sources/main.o
 .ARM.exidx.text._Z12APP_SM_ALARMv
                0x00002814        0x0 ./Sources/main.o
                                  0x8 (size before relaxing)
 .ARM.exidx.text._Z19HAL_clean_portA_isrv
                0x00002814        0x0 ./Sources/hal.o
                                  0x8 (size before relaxing)
 .ARM.exidx.text._Z19HAL_clean_portD_isrv
                0x00002814        0x0 ./Sources/hal.o
                                  0x8 (size before relaxing)
 .ARM.exidx.text._Z23HAL_Init_Drivers_Configv
                0x00002814        0x0 ./Sources/hal.o
                                  0x8 (size before relaxing)
 .ARM.exidx.text._Z16HAL_Set_AC_Lightc
                0x00002814        0x8 ./Sources/hal.o
 .ARM.exidx.text._Z18HAL_Set_Buzzer_OFFv
                0x0000281c        0x8 ./Sources/hal.o
 .ARM.exidx.text._Z17HAL_Toggle_Buzzerv
                0x00002824        0x0 ./Sources/hal.o
                                  0x8 (size before relaxing)
 .ARM.exidx.text._Z21HAL_Read_Alarm_Switchv
                0x00002824        0x8 ./Sources/hal.o
 .ARM.exidx.text._Z14HAL_Set_Togglecc
                0x0000282c        0x8 ./Sources/hal.o
 .ARM.exidx.text._Z19HAL_Read_Gpio_Inputcc
                0x00002834        0x8 ./Sources/hal.o
 .ARM.exidx.text._Z21BIOS_ConfigureSysTickcci
                0x0000283c        0x8 C:/Users/edi_b/workspace/Library_MovementDetection/Debug\libLibrary_MovementDetection.a(bios_systick.o)
 .ARM.exidx.text._Z20BIOS_clean_portA_isrv
                0x00002844        0x0 C:/Users/edi_b/workspace/Library_MovementDetection/Debug\libLibrary_MovementDetection.a(bios_gpio.o)
                                  0x8 (size before relaxing)
 .ARM.exidx.text._Z20BIOS_clean_portD_isrv
                0x00002844        0x0 C:/Users/edi_b/workspace/Library_MovementDetection/Debug\libLibrary_MovementDetection.a(bios_gpio.o)
                                  0x8 (size before relaxing)
 .ARM.exidx.text._Z15BIOS_Set_Togglecc
                0x00002844        0x0 C:/Users/edi_b/workspace/Library_MovementDetection/Debug\libLibrary_MovementDetection.a(bios_gpio.o)
                                  0x8 (size before relaxing)
 .ARM.exidx.text._Z17BIOS_ConfigurePincccccc
                0x00002844        0x0 C:/Users/edi_b/workspace/Library_MovementDetection/Debug\libLibrary_MovementDetection.a(bios_gpio.o)
                                  0x8 (size before relaxing)
 .ARM.exidx.text._Z15BIOS_Set_Outputccc
                0x00002844        0x0 C:/Users/edi_b/workspace/Library_MovementDetection/Debug\libLibrary_MovementDetection.a(bios_gpio.o)
                                  0x8 (size before relaxing)
 .ARM.exidx.text._Z20BIOS_Read_Gpio_Inputcc
                0x00002844        0x0 C:/Users/edi_b/workspace/Library_MovementDetection/Debug\libLibrary_MovementDetection.a(bios_gpio.o)
                                  0x8 (size before relaxing)
 .ARM.exidx     0x0000270c       0xa8 c:/freescale/cw mcu v10.6/cross_tools/arm-none-eabi-gcc-4_7_3/bin/../lib/gcc/arm-none-eabi/4.7.3/armv6-m\libgcc.a(unwind-arm.o)
                                 0xd8 (size before relaxing)
 .ARM.exidx     0x000027b4       0x38 c:/freescale/cw mcu v10.6/cross_tools/arm-none-eabi-gcc-4_7_3/bin/../lib/gcc/arm-none-eabi/4.7.3/armv6-m\libgcc.a(pr-support.o)
                                 0x48 (size before relaxing)
                0x00002844                __exidx_end = .

.rel.dyn        0x00002844        0x0
 .rel.iplt      0x00000000        0x0 ./Project_Settings/Startup_Code/kinetis_sysinit.o

.ctors          0x00002844        0x0
                0x00002844                __CTOR_LIST__ = .
 *crtbegin.o(.ctors)
 *(EXCLUDE_FILE(*crtend.o) .ctors)
 *(SORT(.ctors.*))
 *(.ctors)
                0x00002844                __CTOR_END__ = .

.dtors          0x00002844        0x0
                0x00002844                __DTOR_LIST__ = .
 *crtbegin.o(.dtors)
 *(EXCLUDE_FILE(*crtend.o) .dtors)
 *(SORT(.dtors.*))
 *(.dtors)
                0x00002844                __DTOR_END__ = .

.preinit_array  0x00002844        0x0
                0x00002844                PROVIDE (__preinit_array_start, .)
 *(.preinit_array*)
                0x00002844                PROVIDE (__preinit_array_end, .)

.init_array     0x00002844        0x0
                0x00002844                PROVIDE (__init_array_start, .)
 *(SORT(.init_array.*))
 *(.init_array*)
                0x00002844                PROVIDE (__init_array_end, .)

.fini_array     0x00002844        0x0
                0x00002844                PROVIDE (__fini_array_start, .)
 *(SORT(.fini_array.*))
 *(.fini_array*)
                0x00002844                PROVIDE (__fini_array_end, .)
                0x00002844                ___ROM_AT = .

.mtb            0x1ffff000        0x0
                0x1ffff000                . = ALIGN (0x8)
                0x1ffff000                _mtb_start = .
 *(.mtb_buf)
                0x1ffff000                . = ALIGN (0x8)
                0x1ffff000                _mtb_end = .

.data           0x1ffff000        0x0 load address 0x00002844
                0x1ffff000                . = ALIGN (0x4)
                0x1ffff000                _sdata = .
 *(.data)
 *(.data*)
                0x1ffff000                . = ALIGN (0x4)
                0x1ffff000                _edata = .
                0x00000000                ___data_size = (_edata - _sdata)

.igot.plt       0x1ffff000        0x0
 .igot.plt      0x00000000        0x0 ./Project_Settings/Startup_Code/kinetis_sysinit.o
                0x1ffff000                . = ALIGN (0x4)

.bss            0x1ffff000       0x40
                0x1ffff000                __START_BSS = .
                0x1ffff000                PROVIDE (__bss_start__, __START_BSS)
 *(.bss)
 *(.bss*)
 .bss._ZL4argv  0x1ffff000        0x4 ./Project_Settings/Startup_Code/__arm_start.o
 .bss.u16_SensorMov
                0x1ffff004        0x4 ./Sources/main.o
                0x1ffff004                u16_SensorMov
 .bss.u8_SwitchAlarm
                0x1ffff008        0x1 ./Sources/main.o
                0x1ffff008                u8_SwitchAlarm
 .bss.Time_Lapse_Ticks
                0x1ffff009        0x1 ./Sources/main.o
                0x1ffff009                Time_Lapse_Ticks
 .bss.SM_ALARM  0x1ffff00a        0x1 ./Sources/main.o
                0x1ffff00a                SM_ALARM
 *fill*         0x1ffff00b        0x1 00
 .bss.__stdio_exit
                0x1ffff00c        0x4 C:/Freescale/CW MCU v10.6/MCU/ARM_GCC_Support/ewl/lib/armv6-m\libc.a(exit.o)
                0x1ffff00c                __stdio_exit
 .bss.__console_exit
                0x1ffff010        0x4 C:/Freescale/CW MCU v10.6/MCU/ARM_GCC_Support/ewl/lib/armv6-m\libc.a(exit.o)
                0x1ffff010                __console_exit
 .bss.__S_romp  0x1ffff014        0xc C:/Freescale/CW MCU v10.6/MCU/ARM_GCC_Support/ewl/lib/armv6-m\librt.a(ROMCopy.o)
 .bss.__global_destructor_chain
                0x1ffff020        0x4 C:/Freescale/CW MCU v10.6/MCU/ARM_GCC_Support/ewl/lib/armv6-m\librt.a(__arm_eabi_init.o)
                0x1ffff020                __global_destructor_chain
 *(COMMON)
 COMMON         0x1ffff024       0x1c C:/Freescale/CW MCU v10.6/MCU/ARM_GCC_Support/ewl/lib/armv6-m\libc.a(signal.o)
                0x1ffff024                signal_funcs
                0x1ffff040                . = ALIGN (0x4)
                0x1ffff040                __END_BSS = .
                0x1ffff040                PROVIDE (__bss_end__, __END_BSS)
                0x00002844                _romp_at = (___ROM_AT + SIZEOF (.data))

.romp           0x1ffff040       0x18 load address 0x00002844
                0x00002844                __S_romp = _romp_at
                0x1ffff040        0x4 LONG 0x2844 ___ROM_AT
                0x1ffff044        0x4 LONG 0x1ffff000 _sdata
                0x1ffff048        0x4 LONG 0x0 ___data_size
                0x1ffff04c        0x4 LONG 0x0
                0x1ffff050        0x4 LONG 0x0
                0x1ffff054        0x4 LONG 0x0

._user_heap_stack
                0x1ffff058      0x800 load address 0x0000285c
                0x1ffff058                . = ALIGN (0x4)
                0x1ffff058                PROVIDE (end, .)
                0x1ffff058                PROVIDE (_end, .)
                0x1ffff058                __heap_addr = .
                0x1ffff458                . = (. + __heap_size)
 *fill*         0x1ffff058      0x400 00
                0x1ffff858                . = (. + __stack_size)
 *fill*         0x1ffff458      0x400 00
                0x1ffff858                . = ALIGN (0x4)

.ARM.attributes
                0x00000000       0x31
 *(.ARM.attributes)
 .ARM.attributes
                0x00000000       0x31 ./Project_Settings/Startup_Code/kinetis_sysinit.o
 .ARM.attributes
                0x00000031       0x31 ./Project_Settings/Startup_Code/__arm_start.o
 .ARM.attributes
                0x00000062       0x31 ./Project_Settings/Startup_Code/__arm_end.o
 .ARM.attributes
                0x00000093       0x31 ./Sources/main.o
 .ARM.attributes
                0x000000c4       0x31 ./Sources/hal.o
 .ARM.attributes
                0x000000f5       0x31 C:/Users/edi_b/workspace/Library_MovementDetection/Debug\libLibrary_MovementDetection.a(bios_systick.o)
 .ARM.attributes
                0x00000126       0x31 C:/Users/edi_b/workspace/Library_MovementDetection/Debug\libLibrary_MovementDetection.a(bios_gpio.o)
 .ARM.attributes
                0x00000157       0x31 C:/Freescale/CW MCU v10.6/MCU/ARM_GCC_Support/ewl/lib/armv6-m\libc.a(exit.o)
 .ARM.attributes
                0x00000188       0x31 C:/Freescale/CW MCU v10.6/MCU/ARM_GCC_Support/ewl/lib/armv6-m\libc.a(memset.o)
 .ARM.attributes
                0x000001b9       0x31 C:/Freescale/CW MCU v10.6/MCU/ARM_GCC_Support/ewl/lib/armv6-m\libc.a(__filll_mem.o)
 .ARM.attributes
                0x000001ea       0x31 C:/Freescale/CW MCU v10.6/MCU/ARM_GCC_Support/ewl/lib/armv6-m\librt.a(gcc_ctor_dtor.o)
 .ARM.attributes
                0x0000021b       0x31 C:/Freescale/CW MCU v10.6/MCU/ARM_GCC_Support/ewl/lib/armv6-m\librt.a(ROMCopy.o)
 .ARM.attributes
                0x0000024c       0x31 C:/Freescale/CW MCU v10.6/MCU/ARM_GCC_Support/ewl/lib/armv6-m\librt.a(__arm_eabi_init.o)
OUTPUT(Project_MovementDetection.elf elf32-littlearm)

.debug_info     0x00000000     0x17d1
 .debug_info    0x00000000      0x40b ./Project_Settings/Startup_Code/kinetis_sysinit.o
 .debug_info    0x0000040b       0xe6 ./Project_Settings/Startup_Code/__arm_start.o
 .debug_info    0x000004f1       0x50 ./Project_Settings/Startup_Code/__arm_end.o
 .debug_info    0x00000541      0x13a ./Sources/main.o
 .debug_info    0x0000067b      0x1da ./Sources/hal.o
 .debug_info    0x00000855       0xff C:/Users/edi_b/workspace/Library_MovementDetection/Debug\libLibrary_MovementDetection.a(bios_systick.o)
 .debug_info    0x00000954      0x5e8 C:/Users/edi_b/workspace/Library_MovementDetection/Debug\libLibrary_MovementDetection.a(bios_gpio.o)
 .debug_info    0x00000f3c       0xe8 C:/Freescale/CW MCU v10.6/MCU/ARM_GCC_Support/ewl/lib/armv6-m\libc.a(exit.o)
 .debug_info    0x00001024       0xec C:/Freescale/CW MCU v10.6/MCU/ARM_GCC_Support/ewl/lib/armv6-m\libc.a(memset.o)
 .debug_info    0x00001110      0x137 C:/Freescale/CW MCU v10.6/MCU/ARM_GCC_Support/ewl/lib/armv6-m\libc.a(__filll_mem.o)
 .debug_info    0x00001247      0x136 C:/Freescale/CW MCU v10.6/MCU/ARM_GCC_Support/ewl/lib/armv6-m\librt.a(gcc_ctor_dtor.o)
 .debug_info    0x0000137d      0x19b C:/Freescale/CW MCU v10.6/MCU/ARM_GCC_Support/ewl/lib/armv6-m\librt.a(ROMCopy.o)
 .debug_info    0x00001518      0x2b9 C:/Freescale/CW MCU v10.6/MCU/ARM_GCC_Support/ewl/lib/armv6-m\librt.a(__arm_eabi_init.o)

.debug_abbrev   0x00000000      0x989
 .debug_abbrev  0x00000000       0xd3 ./Project_Settings/Startup_Code/kinetis_sysinit.o
 .debug_abbrev  0x000000d3       0x97 ./Project_Settings/Startup_Code/__arm_start.o
 .debug_abbrev  0x0000016a       0x41 ./Project_Settings/Startup_Code/__arm_end.o
 .debug_abbrev  0x000001ab       0x91 ./Sources/main.o
 .debug_abbrev  0x0000023c       0xb1 ./Sources/hal.o
 .debug_abbrev  0x000002ed       0xb5 C:/Users/edi_b/workspace/Library_MovementDetection/Debug\libLibrary_MovementDetection.a(bios_systick.o)
 .debug_abbrev  0x000003a2      0x127 C:/Users/edi_b/workspace/Library_MovementDetection/Debug\libLibrary_MovementDetection.a(bios_gpio.o)
 .debug_abbrev  0x000004c9       0x7a C:/Freescale/CW MCU v10.6/MCU/ARM_GCC_Support/ewl/lib/armv6-m\libc.a(exit.o)
 .debug_abbrev  0x00000543       0x62 C:/Freescale/CW MCU v10.6/MCU/ARM_GCC_Support/ewl/lib/armv6-m\libc.a(memset.o)
 .debug_abbrev  0x000005a5       0x78 C:/Freescale/CW MCU v10.6/MCU/ARM_GCC_Support/ewl/lib/armv6-m\libc.a(__filll_mem.o)
 .debug_abbrev  0x0000061d       0x99 C:/Freescale/CW MCU v10.6/MCU/ARM_GCC_Support/ewl/lib/armv6-m\librt.a(gcc_ctor_dtor.o)
 .debug_abbrev  0x000006b6      0x120 C:/Freescale/CW MCU v10.6/MCU/ARM_GCC_Support/ewl/lib/armv6-m\librt.a(ROMCopy.o)
 .debug_abbrev  0x000007d6      0x1b3 C:/Freescale/CW MCU v10.6/MCU/ARM_GCC_Support/ewl/lib/armv6-m\librt.a(__arm_eabi_init.o)

.debug_loc      0x00000000      0xa0c
 .debug_loc     0x00000000       0x58 ./Project_Settings/Startup_Code/kinetis_sysinit.o
 .debug_loc     0x00000058       0x2c ./Project_Settings/Startup_Code/__arm_start.o
 .debug_loc     0x00000084       0x38 ./Project_Settings/Startup_Code/__arm_end.o
 .debug_loc     0x000000bc       0xdc ./Sources/main.o
 .debug_loc     0x00000198      0x200 ./Sources/hal.o
 .debug_loc     0x00000398       0x38 C:/Users/edi_b/workspace/Library_MovementDetection/Debug\libLibrary_MovementDetection.a(bios_systick.o)
 .debug_loc     0x000003d0      0x138 C:/Users/edi_b/workspace/Library_MovementDetection/Debug\libLibrary_MovementDetection.a(bios_gpio.o)
 .debug_loc     0x00000508       0x3e C:/Freescale/CW MCU v10.6/MCU/ARM_GCC_Support/ewl/lib/armv6-m\libc.a(exit.o)
 .debug_loc     0x00000546       0x6f C:/Freescale/CW MCU v10.6/MCU/ARM_GCC_Support/ewl/lib/armv6-m\libc.a(memset.o)
 .debug_loc     0x000005b5      0x14a C:/Freescale/CW MCU v10.6/MCU/ARM_GCC_Support/ewl/lib/armv6-m\libc.a(__filll_mem.o)
 .debug_loc     0x000006ff       0x9d C:/Freescale/CW MCU v10.6/MCU/ARM_GCC_Support/ewl/lib/armv6-m\librt.a(gcc_ctor_dtor.o)
 .debug_loc     0x0000079c       0xd9 C:/Freescale/CW MCU v10.6/MCU/ARM_GCC_Support/ewl/lib/armv6-m\librt.a(ROMCopy.o)
 .debug_loc     0x00000875      0x197 C:/Freescale/CW MCU v10.6/MCU/ARM_GCC_Support/ewl/lib/armv6-m\librt.a(__arm_eabi_init.o)

.debug_aranges  0x00000000      0x298
 .debug_aranges
                0x00000000       0x28 ./Project_Settings/Startup_Code/kinetis_sysinit.o
 .debug_aranges
                0x00000028       0x30 ./Project_Settings/Startup_Code/__arm_start.o
 .debug_aranges
                0x00000058       0x20 ./Project_Settings/Startup_Code/__arm_end.o
 .debug_aranges
                0x00000078       0x40 ./Sources/main.o
 .debug_aranges
                0x000000b8       0x68 ./Sources/hal.o
 .debug_aranges
                0x00000120       0x20 C:/Users/edi_b/workspace/Library_MovementDetection/Debug\libLibrary_MovementDetection.a(bios_systick.o)
 .debug_aranges
                0x00000140       0x48 C:/Users/edi_b/workspace/Library_MovementDetection/Debug\libLibrary_MovementDetection.a(bios_gpio.o)
 .debug_aranges
                0x00000188       0x20 C:/Freescale/CW MCU v10.6/MCU/ARM_GCC_Support/ewl/lib/armv6-m\libc.a(exit.o)
 .debug_aranges
                0x000001a8       0x20 C:/Freescale/CW MCU v10.6/MCU/ARM_GCC_Support/ewl/lib/armv6-m\libc.a(memset.o)
 .debug_aranges
                0x000001c8       0x20 C:/Freescale/CW MCU v10.6/MCU/ARM_GCC_Support/ewl/lib/armv6-m\libc.a(__filll_mem.o)
 .debug_aranges
                0x000001e8       0x28 C:/Freescale/CW MCU v10.6/MCU/ARM_GCC_Support/ewl/lib/armv6-m\librt.a(gcc_ctor_dtor.o)
 .debug_aranges
                0x00000210       0x30 C:/Freescale/CW MCU v10.6/MCU/ARM_GCC_Support/ewl/lib/armv6-m\librt.a(ROMCopy.o)
 .debug_aranges
                0x00000240       0x58 C:/Freescale/CW MCU v10.6/MCU/ARM_GCC_Support/ewl/lib/armv6-m\librt.a(__arm_eabi_init.o)

.debug_macinfo  0x00000000    0xc561a
 .debug_macinfo
                0x00000000    0x25f41 ./Project_Settings/Startup_Code/kinetis_sysinit.o
 .debug_macinfo
                0x00025f41     0x38be ./Project_Settings/Startup_Code/__arm_start.o
 .debug_macinfo
                0x000297ff     0x35b9 ./Project_Settings/Startup_Code/__arm_end.o
 .debug_macinfo
                0x0002cdb8    0x263cd ./Sources/main.o
 .debug_macinfo
                0x00053185    0x263cd ./Sources/hal.o
 .debug_macinfo
                0x00079552    0x26064 C:/Users/edi_b/workspace/Library_MovementDetection/Debug\libLibrary_MovementDetection.a(bios_systick.o)
 .debug_macinfo
                0x0009f5b6    0x26064 C:/Users/edi_b/workspace/Library_MovementDetection/Debug\libLibrary_MovementDetection.a(bios_gpio.o)

.debug_line     0x00000000     0x1847
 .debug_line    0x00000000      0x278 ./Project_Settings/Startup_Code/kinetis_sysinit.o
 .debug_line    0x00000278      0x2fb ./Project_Settings/Startup_Code/__arm_start.o
 .debug_line    0x00000573      0x2be ./Project_Settings/Startup_Code/__arm_end.o
 .debug_line    0x00000831      0x306 ./Sources/main.o
 .debug_line    0x00000b37      0x347 ./Sources/hal.o
 .debug_line    0x00000e7e      0x250 C:/Users/edi_b/workspace/Library_MovementDetection/Debug\libLibrary_MovementDetection.a(bios_systick.o)
 .debug_line    0x000010ce      0x326 C:/Users/edi_b/workspace/Library_MovementDetection/Debug\libLibrary_MovementDetection.a(bios_gpio.o)
 .debug_line    0x000013f4       0x8d C:/Freescale/CW MCU v10.6/MCU/ARM_GCC_Support/ewl/lib/armv6-m\libc.a(exit.o)
 .debug_line    0x00001481       0x90 C:/Freescale/CW MCU v10.6/MCU/ARM_GCC_Support/ewl/lib/armv6-m\libc.a(memset.o)
 .debug_line    0x00001511       0xf6 C:/Freescale/CW MCU v10.6/MCU/ARM_GCC_Support/ewl/lib/armv6-m\libc.a(__filll_mem.o)
 .debug_line    0x00001607       0x6c C:/Freescale/CW MCU v10.6/MCU/ARM_GCC_Support/ewl/lib/armv6-m\librt.a(gcc_ctor_dtor.o)
 .debug_line    0x00001673       0xbd C:/Freescale/CW MCU v10.6/MCU/ARM_GCC_Support/ewl/lib/armv6-m\librt.a(ROMCopy.o)
 .debug_line    0x00001730      0x117 C:/Freescale/CW MCU v10.6/MCU/ARM_GCC_Support/ewl/lib/armv6-m\librt.a(__arm_eabi_init.o)

.debug_str      0x00000000      0xc76
 .debug_str     0x00000000      0x26c ./Project_Settings/Startup_Code/kinetis_sysinit.o
                                0x27e (size before relaxing)
 .debug_str     0x0000026c       0x93 ./Project_Settings/Startup_Code/__arm_start.o
                                0x137 (size before relaxing)
 .debug_str     0x000002ff       0x41 ./Project_Settings/Startup_Code/__arm_end.o
                                 0xce (size before relaxing)
 .debug_str     0x00000340      0x100 ./Sources/main.o
                                0x1e5 (size before relaxing)
 .debug_str     0x00000440      0x1d4 ./Sources/hal.o
                                0x2a2 (size before relaxing)
 .debug_str     0x00000614       0xbb C:/Users/edi_b/workspace/Library_MovementDetection/Debug\libLibrary_MovementDetection.a(bios_systick.o)
                                0x159 (size before relaxing)
 .debug_str     0x000006cf      0x1c0 C:/Users/edi_b/workspace/Library_MovementDetection/Debug\libLibrary_MovementDetection.a(bios_gpio.o)
                                0x393 (size before relaxing)
 .debug_str     0x0000088f       0xd3 C:/Freescale/CW MCU v10.6/MCU/ARM_GCC_Support/ewl/lib/armv6-m\libc.a(exit.o)
                                0x157 (size before relaxing)
 .debug_str     0x00000962       0x23 C:/Freescale/CW MCU v10.6/MCU/ARM_GCC_Support/ewl/lib/armv6-m\libc.a(memset.o)
                                0x140 (size before relaxing)
 .debug_str     0x00000985       0x2d C:/Freescale/CW MCU v10.6/MCU/ARM_GCC_Support/ewl/lib/armv6-m\libc.a(__filll_mem.o)
                                0x152 (size before relaxing)
 .debug_str     0x000009b2      0x126 C:/Freescale/CW MCU v10.6/MCU/ARM_GCC_Support/ewl/lib/armv6-m\librt.a(gcc_ctor_dtor.o)
                                0x181 (size before relaxing)
 .debug_str     0x00000ad8       0xa6 C:/Freescale/CW MCU v10.6/MCU/ARM_GCC_Support/ewl/lib/armv6-m\librt.a(ROMCopy.o)
                                0x13c (size before relaxing)
 .debug_str     0x00000b7e       0xf8 C:/Freescale/CW MCU v10.6/MCU/ARM_GCC_Support/ewl/lib/armv6-m\librt.a(__arm_eabi_init.o)
                                0x1b5 (size before relaxing)

.comment        0x00000000       0x79
 .comment       0x00000000       0x79 ./Project_Settings/Startup_Code/kinetis_sysinit.o
                                 0x7a (size before relaxing)
 .comment       0x00000000       0x7a ./Project_Settings/Startup_Code/__arm_start.o
 .comment       0x00000000       0x7a ./Project_Settings/Startup_Code/__arm_end.o
 .comment       0x00000000       0x7a ./Sources/main.o
 .comment       0x00000000       0x7a ./Sources/hal.o
 .comment       0x00000000       0x7a C:/Users/edi_b/workspace/Library_MovementDetection/Debug\libLibrary_MovementDetection.a(bios_systick.o)
 .comment       0x00000000       0x7a C:/Users/edi_b/workspace/Library_MovementDetection/Debug\libLibrary_MovementDetection.a(bios_gpio.o)
 .comment       0x00000000       0x7a C:/Freescale/CW MCU v10.6/MCU/ARM_GCC_Support/ewl/lib/armv6-m\libc.a(exit.o)
 .comment       0x00000000       0x7a C:/Freescale/CW MCU v10.6/MCU/ARM_GCC_Support/ewl/lib/armv6-m\libc.a(memset.o)
 .comment       0x00000000       0x7a C:/Freescale/CW MCU v10.6/MCU/ARM_GCC_Support/ewl/lib/armv6-m\libc.a(__filll_mem.o)
 .comment       0x00000000       0x7a C:/Freescale/CW MCU v10.6/MCU/ARM_GCC_Support/ewl/lib/armv6-m\librt.a(gcc_ctor_dtor.o)
 .comment       0x00000000       0x7a C:/Freescale/CW MCU v10.6/MCU/ARM_GCC_Support/ewl/lib/armv6-m\librt.a(ROMCopy.o)
 .comment       0x00000000       0x7a C:/Freescale/CW MCU v10.6/MCU/ARM_GCC_Support/ewl/lib/armv6-m\librt.a(__arm_eabi_init.o)

.debug_frame    0x00000000      0x56c
 .debug_frame   0x00000000       0x48 ./Project_Settings/Startup_Code/kinetis_sysinit.o
 .debug_frame   0x00000048       0x4c ./Project_Settings/Startup_Code/__arm_start.o
 .debug_frame   0x00000094       0x30 ./Project_Settings/Startup_Code/__arm_end.o
 .debug_frame   0x000000c4       0x9c ./Sources/main.o
 .debug_frame   0x00000160      0x140 ./Sources/hal.o
 .debug_frame   0x000002a0       0x30 C:/Users/edi_b/workspace/Library_MovementDetection/Debug\libLibrary_MovementDetection.a(bios_systick.o)
 .debug_frame   0x000002d0       0xcc C:/Users/edi_b/workspace/Library_MovementDetection/Debug\libLibrary_MovementDetection.a(bios_gpio.o)
 .debug_frame   0x0000039c       0x2c C:/Freescale/CW MCU v10.6/MCU/ARM_GCC_Support/ewl/lib/armv6-m\libc.a(exit.o)
 .debug_frame   0x000003c8       0x28 C:/Freescale/CW MCU v10.6/MCU/ARM_GCC_Support/ewl/lib/armv6-m\libc.a(memset.o)
 .debug_frame   0x000003f0       0x2c C:/Freescale/CW MCU v10.6/MCU/ARM_GCC_Support/ewl/lib/armv6-m\libc.a(__filll_mem.o)
 .debug_frame   0x0000041c       0x40 C:/Freescale/CW MCU v10.6/MCU/ARM_GCC_Support/ewl/lib/armv6-m\librt.a(gcc_ctor_dtor.o)
 .debug_frame   0x0000045c       0x54 C:/Freescale/CW MCU v10.6/MCU/ARM_GCC_Support/ewl/lib/armv6-m\librt.a(ROMCopy.o)
 .debug_frame   0x000004b0       0xbc C:/Freescale/CW MCU v10.6/MCU/ARM_GCC_Support/ewl/lib/armv6-m\librt.a(__arm_eabi_init.o)
